// Jest Snapshot v1, https://goo.gl/fbAQLP

exports[`Header should render correct Header 1`] = `
{
  "asFragment": [Function],
  "baseElement": <body>
    <div>
      <header
        class="header-container lg:h-[66px] lg:flex lg:justify-between lg:items-center border-b border-gray-300"
      >
        <h1
          class="title text-[36px] font-semibold"
        >
          <a
            class="no-style hover:text-black text-light-high flex"
            href="/"
          >
            <img
              alt=""
              class="w-[48px] h-[48px] mr-12"
              src="/funny-movie.png"
            />
            Funny Movies
          </a>
        </h1>
        <div
          class="login-container"
        >
          <form
            class="login-form flex-col flex lg:flex-row"
          >
            <input
              aria-label="email"
              class="lg:mr-8 h-[40px] px-8 mt-12 lg:mt-0 border rounded-medium border-gray-300"
              name="email"
              placeholder="Email"
              type="email"
              value=""
            />
            <input
              aria-label="password"
              class="lg:mr-8 h-[40px] px-8 border mt-12 lg:mt-0 rounded-medium border-gray-300"
              name="password"
              placeholder="Password"
              type="password"
              value=""
            />
            <button
              class="px-8 lg:mt-0 h-[40px] mt-12 rounded-medium flex items-center justify-center opacity-50 cursor-not-allowed bg-dark-200 text-dark-high "
              disabled=""
              type="submit"
            >
              Login / Register
            </button>
          </form>
        </div>
      </header>
    </div>
  </body>,
  "container": <div>
    <header
      class="header-container lg:h-[66px] lg:flex lg:justify-between lg:items-center border-b border-gray-300"
    >
      <h1
        class="title text-[36px] font-semibold"
      >
        <a
          class="no-style hover:text-black text-light-high flex"
          href="/"
        >
          <img
            alt=""
            class="w-[48px] h-[48px] mr-12"
            src="/funny-movie.png"
          />
          Funny Movies
        </a>
      </h1>
      <div
        class="login-container"
      >
        <form
          class="login-form flex-col flex lg:flex-row"
        >
          <input
            aria-label="email"
            class="lg:mr-8 h-[40px] px-8 mt-12 lg:mt-0 border rounded-medium border-gray-300"
            name="email"
            placeholder="Email"
            type="email"
            value=""
          />
          <input
            aria-label="password"
            class="lg:mr-8 h-[40px] px-8 border mt-12 lg:mt-0 rounded-medium border-gray-300"
            name="password"
            placeholder="Password"
            type="password"
            value=""
          />
          <button
            class="px-8 lg:mt-0 h-[40px] mt-12 rounded-medium flex items-center justify-center opacity-50 cursor-not-allowed bg-dark-200 text-dark-high "
            disabled=""
            type="submit"
          >
            Login / Register
          </button>
        </form>
      </div>
    </header>
  </div>,
  "debug": [Function],
  "findAllByAltText": [Function],
  "findAllByDisplayValue": [Function],
  "findAllByLabelText": [Function],
  "findAllByPlaceholderText": [Function],
  "findAllByRole": [Function],
  "findAllByTestId": [Function],
  "findAllByText": [Function],
  "findAllByTitle": [Function],
  "findByAltText": [Function],
  "findByDisplayValue": [Function],
  "findByLabelText": [Function],
  "findByPlaceholderText": [Function],
  "findByRole": [Function],
  "findByTestId": [Function],
  "findByText": [Function],
  "findByTitle": [Function],
  "getAllByAltText": [Function],
  "getAllByDisplayValue": [Function],
  "getAllByLabelText": [Function],
  "getAllByPlaceholderText": [Function],
  "getAllByRole": [Function],
  "getAllByTestId": [Function],
  "getAllByText": [Function],
  "getAllByTitle": [Function],
  "getByAltText": [Function],
  "getByDisplayValue": [Function],
  "getByLabelText": [Function],
  "getByPlaceholderText": [Function],
  "getByRole": [Function],
  "getByTestId": [Function],
  "getByText": [Function],
  "getByTitle": [Function],
  "queryAllByAltText": [Function],
  "queryAllByDisplayValue": [Function],
  "queryAllByLabelText": [Function],
  "queryAllByPlaceholderText": [Function],
  "queryAllByRole": [Function],
  "queryAllByTestId": [Function],
  "queryAllByText": [Function],
  "queryAllByTitle": [Function],
  "queryByAltText": [Function],
  "queryByDisplayValue": [Function],
  "queryByLabelText": [Function],
  "queryByPlaceholderText": [Function],
  "queryByRole": [Function],
  "queryByTestId": [Function],
  "queryByText": [Function],
  "queryByTitle": [Function],
  "rerender": [Function],
  "unmount": [Function],
}
`;
