// Jest Snapshot v1, https://goo.gl/fbAQLP

exports[`MovieItem should render correct MovieItem 1`] = `
{
  "asFragment": [Function],
  "baseElement": <body>
    <div>
      <div
        class="movie-item lg:flex justify-between mb-12"
      >
        <div
          class="video-placeholder cursor-pointer rounded-large flex items-center justify-center overflow-hidden relative w-full lg:w-[350px] min-w-[350px] lg:h-[196px]"
        >
          <img
            alt="video placeholder"
            class="w-full lg:w-[350px] rounded-large lg:h-[196px] object-cover"
            height="480"
            src="https://i.ytimg.com/vi/bP9gMpl1gyQ/sddefault.jpg"
            width="640"
          />
          <img
            alt="button play"
            class="absolute opacity-50"
            height="72"
            src="/youtube-brands.svg"
            width="72"
          />
        </div>
        <div
          class="lg:h-[196px] lg:ml-24 flex-grow lg:mt-0 lg:mb-0 mt-12 mb-24"
        >
          <div
            class="font-bold text-[28px] overflow-hidden line-clamp-2 text-cyan-400"
          >
            <a
              class="title-link"
              href="https://www.youtube.com/watch?v=123"
              rel="noopener noreferrer"
              target="_blank"
            >
              title
            </a>
          </div>
          <div
            class="flex items-center"
          >
            <div
              class="shared-by text-light-low"
              title="shared_by"
            >
              <span
                class="font-semibold text-16 text-light-high"
              >
                Shared by:
              </span>
               
              shared_by
            </div>
          </div>
          <div
            class="font-semibold text-16 text-light-high"
          >
            Description:
          </div>
          <p
            class="text-14 overflow-hidden text-light-low line-clamp-2 video-description"
          >
            description
          </p>
        </div>
      </div>
    </div>
  </body>,
  "container": <div>
    <div
      class="movie-item lg:flex justify-between mb-12"
    >
      <div
        class="video-placeholder cursor-pointer rounded-large flex items-center justify-center overflow-hidden relative w-full lg:w-[350px] min-w-[350px] lg:h-[196px]"
      >
        <img
          alt="video placeholder"
          class="w-full lg:w-[350px] rounded-large lg:h-[196px] object-cover"
          height="480"
          src="https://i.ytimg.com/vi/bP9gMpl1gyQ/sddefault.jpg"
          width="640"
        />
        <img
          alt="button play"
          class="absolute opacity-50"
          height="72"
          src="/youtube-brands.svg"
          width="72"
        />
      </div>
      <div
        class="lg:h-[196px] lg:ml-24 flex-grow lg:mt-0 lg:mb-0 mt-12 mb-24"
      >
        <div
          class="font-bold text-[28px] overflow-hidden line-clamp-2 text-cyan-400"
        >
          <a
            class="title-link"
            href="https://www.youtube.com/watch?v=123"
            rel="noopener noreferrer"
            target="_blank"
          >
            title
          </a>
        </div>
        <div
          class="flex items-center"
        >
          <div
            class="shared-by text-light-low"
            title="shared_by"
          >
            <span
              class="font-semibold text-16 text-light-high"
            >
              Shared by:
            </span>
             
            shared_by
          </div>
        </div>
        <div
          class="font-semibold text-16 text-light-high"
        >
          Description:
        </div>
        <p
          class="text-14 overflow-hidden text-light-low line-clamp-2 video-description"
        >
          description
        </p>
      </div>
    </div>
  </div>,
  "debug": [Function],
  "findAllByAltText": [Function],
  "findAllByDisplayValue": [Function],
  "findAllByLabelText": [Function],
  "findAllByPlaceholderText": [Function],
  "findAllByRole": [Function],
  "findAllByTestId": [Function],
  "findAllByText": [Function],
  "findAllByTitle": [Function],
  "findByAltText": [Function],
  "findByDisplayValue": [Function],
  "findByLabelText": [Function],
  "findByPlaceholderText": [Function],
  "findByRole": [Function],
  "findByTestId": [Function],
  "findByText": [Function],
  "findByTitle": [Function],
  "getAllByAltText": [Function],
  "getAllByDisplayValue": [Function],
  "getAllByLabelText": [Function],
  "getAllByPlaceholderText": [Function],
  "getAllByRole": [Function],
  "getAllByTestId": [Function],
  "getAllByText": [Function],
  "getAllByTitle": [Function],
  "getByAltText": [Function],
  "getByDisplayValue": [Function],
  "getByLabelText": [Function],
  "getByPlaceholderText": [Function],
  "getByRole": [Function],
  "getByTestId": [Function],
  "getByText": [Function],
  "getByTitle": [Function],
  "queryAllByAltText": [Function],
  "queryAllByDisplayValue": [Function],
  "queryAllByLabelText": [Function],
  "queryAllByPlaceholderText": [Function],
  "queryAllByRole": [Function],
  "queryAllByTestId": [Function],
  "queryAllByText": [Function],
  "queryAllByTitle": [Function],
  "queryByAltText": [Function],
  "queryByDisplayValue": [Function],
  "queryByLabelText": [Function],
  "queryByPlaceholderText": [Function],
  "queryByRole": [Function],
  "queryByTestId": [Function],
  "queryByText": [Function],
  "queryByTitle": [Function],
  "rerender": [Function],
  "unmount": [Function],
}
`;
