// Jest Snapshot v1, https://goo.gl/fbAQLP

exports[`ShareBox should render correct ShareBox 1`] = `
{
  "asFragment": [Function],
  "baseElement": <body>
    <div>
      <div
        class="sharebox-container mt-[100px] flex items-center justify-center"
      >
        <form
          class="sharebox-form border relative border-gray-300 max-w-[calc(100vw_-_32px)] rounded-large w-[600px] p-24"
        >
          <span
            class="sharebox-title absolute top-[-20px] bg-light-100 font-medium text-24 px-8"
          >
            Share a Youtube movie
          </span>
          <div
            class="sharebox-url flex items-center font-medium my-24"
          >
            <label
              class="mr-12"
              for="url"
            >
              Youtube URL:
            </label>
            <input
              class="border border-gray-300 rounded-large flex-1 p-8"
              name="url"
              type="text"
              value=""
            />
          </div>
          <div
            class="sharebox-submit flex items-center justify-center"
          >
            <button
              class="w-full p-8 flex items-center rounded-medium justify-center opacity-50 cursor-not-allowed bg-dark-200 text-dark-high "
              disabled=""
              name="submit"
              type="submit"
            >
              Share
            </button>
          </div>
        </form>
      </div>
    </div>
  </body>,
  "container": <div>
    <div
      class="sharebox-container mt-[100px] flex items-center justify-center"
    >
      <form
        class="sharebox-form border relative border-gray-300 max-w-[calc(100vw_-_32px)] rounded-large w-[600px] p-24"
      >
        <span
          class="sharebox-title absolute top-[-20px] bg-light-100 font-medium text-24 px-8"
        >
          Share a Youtube movie
        </span>
        <div
          class="sharebox-url flex items-center font-medium my-24"
        >
          <label
            class="mr-12"
            for="url"
          >
            Youtube URL:
          </label>
          <input
            class="border border-gray-300 rounded-large flex-1 p-8"
            name="url"
            type="text"
            value=""
          />
        </div>
        <div
          class="sharebox-submit flex items-center justify-center"
        >
          <button
            class="w-full p-8 flex items-center rounded-medium justify-center opacity-50 cursor-not-allowed bg-dark-200 text-dark-high "
            disabled=""
            name="submit"
            type="submit"
          >
            Share
          </button>
        </div>
      </form>
    </div>
  </div>,
  "debug": [Function],
  "findAllByAltText": [Function],
  "findAllByDisplayValue": [Function],
  "findAllByLabelText": [Function],
  "findAllByPlaceholderText": [Function],
  "findAllByRole": [Function],
  "findAllByTestId": [Function],
  "findAllByText": [Function],
  "findAllByTitle": [Function],
  "findByAltText": [Function],
  "findByDisplayValue": [Function],
  "findByLabelText": [Function],
  "findByPlaceholderText": [Function],
  "findByRole": [Function],
  "findByTestId": [Function],
  "findByText": [Function],
  "findByTitle": [Function],
  "getAllByAltText": [Function],
  "getAllByDisplayValue": [Function],
  "getAllByLabelText": [Function],
  "getAllByPlaceholderText": [Function],
  "getAllByRole": [Function],
  "getAllByTestId": [Function],
  "getAllByText": [Function],
  "getAllByTitle": [Function],
  "getByAltText": [Function],
  "getByDisplayValue": [Function],
  "getByLabelText": [Function],
  "getByPlaceholderText": [Function],
  "getByRole": [Function],
  "getByTestId": [Function],
  "getByText": [Function],
  "getByTitle": [Function],
  "queryAllByAltText": [Function],
  "queryAllByDisplayValue": [Function],
  "queryAllByLabelText": [Function],
  "queryAllByPlaceholderText": [Function],
  "queryAllByRole": [Function],
  "queryAllByTestId": [Function],
  "queryAllByText": [Function],
  "queryAllByTitle": [Function],
  "queryByAltText": [Function],
  "queryByDisplayValue": [Function],
  "queryByLabelText": [Function],
  "queryByPlaceholderText": [Function],
  "queryByRole": [Function],
  "queryByTestId": [Function],
  "queryByText": [Function],
  "queryByTitle": [Function],
  "rerender": [Function],
  "unmount": [Function],
}
`;
