// Jest Snapshot v1, https://goo.gl/fbAQLP

exports[`SkeletonMovie should render correct SkeletonMovie 1`] = `
{
  "asFragment": [Function],
  "baseElement": <body>
    <div>
      <div
        class="movie-item-skeleton flex justify-between mb-12"
      >
        <span
          aria-busy="true"
          aria-live="polite"
        >
          <span
            class="react-loading-skeleton w-[350px] min-w-[350px] h-[196px] flex-shrink-0 overflow-hidden relative"
          >
            ‌
          </span>
          <br />
        </span>
        <div
          class="h-[196px] ml-24 flex-grow"
        >
          <span
            aria-busy="true"
            aria-live="polite"
          >
            <span
              class="react-loading-skeleton h-[24px] flex-shrink-0 overflow-hidden relative"
            >
              ‌
            </span>
            <br />
          </span>
          <span
            aria-busy="true"
            aria-live="polite"
          >
            <span
              class="react-loading-skeleton h-[24px] max-w-[200px] flex-shrink-0 overflow-hidden relative"
            >
              ‌
            </span>
            <br />
          </span>
          <div
            class="flex items-center my-12"
          >
            <span
              aria-busy="true"
              aria-live="polite"
            >
              <span
                class="react-loading-skeleton h-[18px] min-w-[250px] flex-shrink-0 overflow-hidden"
              >
                ‌
              </span>
              <br />
            </span>
          </div>
          <span
            aria-busy="true"
            aria-live="polite"
          >
            <span
              class="react-loading-skeleton h-[18px] max-w-[200px] flex-shrink-0 overflow-hidden relative"
            >
              ‌
            </span>
            <br />
          </span>
          <span
            aria-busy="true"
            aria-live="polite"
          >
            <span
              class="react-loading-skeleton h-[12px] flex-shrink-0 overflow-hidden relative"
            >
              ‌
            </span>
            <br />
            <span
              class="react-loading-skeleton h-[12px] flex-shrink-0 overflow-hidden relative"
            >
              ‌
            </span>
            <br />
            <span
              class="react-loading-skeleton h-[12px] flex-shrink-0 overflow-hidden relative"
            >
              ‌
            </span>
            <br />
          </span>
        </div>
      </div>
    </div>
  </body>,
  "container": <div>
    <div
      class="movie-item-skeleton flex justify-between mb-12"
    >
      <span
        aria-busy="true"
        aria-live="polite"
      >
        <span
          class="react-loading-skeleton w-[350px] min-w-[350px] h-[196px] flex-shrink-0 overflow-hidden relative"
        >
          ‌
        </span>
        <br />
      </span>
      <div
        class="h-[196px] ml-24 flex-grow"
      >
        <span
          aria-busy="true"
          aria-live="polite"
        >
          <span
            class="react-loading-skeleton h-[24px] flex-shrink-0 overflow-hidden relative"
          >
            ‌
          </span>
          <br />
        </span>
        <span
          aria-busy="true"
          aria-live="polite"
        >
          <span
            class="react-loading-skeleton h-[24px] max-w-[200px] flex-shrink-0 overflow-hidden relative"
          >
            ‌
          </span>
          <br />
        </span>
        <div
          class="flex items-center my-12"
        >
          <span
            aria-busy="true"
            aria-live="polite"
          >
            <span
              class="react-loading-skeleton h-[18px] min-w-[250px] flex-shrink-0 overflow-hidden"
            >
              ‌
            </span>
            <br />
          </span>
        </div>
        <span
          aria-busy="true"
          aria-live="polite"
        >
          <span
            class="react-loading-skeleton h-[18px] max-w-[200px] flex-shrink-0 overflow-hidden relative"
          >
            ‌
          </span>
          <br />
        </span>
        <span
          aria-busy="true"
          aria-live="polite"
        >
          <span
            class="react-loading-skeleton h-[12px] flex-shrink-0 overflow-hidden relative"
          >
            ‌
          </span>
          <br />
          <span
            class="react-loading-skeleton h-[12px] flex-shrink-0 overflow-hidden relative"
          >
            ‌
          </span>
          <br />
          <span
            class="react-loading-skeleton h-[12px] flex-shrink-0 overflow-hidden relative"
          >
            ‌
          </span>
          <br />
        </span>
      </div>
    </div>
  </div>,
  "debug": [Function],
  "findAllByAltText": [Function],
  "findAllByDisplayValue": [Function],
  "findAllByLabelText": [Function],
  "findAllByPlaceholderText": [Function],
  "findAllByRole": [Function],
  "findAllByTestId": [Function],
  "findAllByText": [Function],
  "findAllByTitle": [Function],
  "findByAltText": [Function],
  "findByDisplayValue": [Function],
  "findByLabelText": [Function],
  "findByPlaceholderText": [Function],
  "findByRole": [Function],
  "findByTestId": [Function],
  "findByText": [Function],
  "findByTitle": [Function],
  "getAllByAltText": [Function],
  "getAllByDisplayValue": [Function],
  "getAllByLabelText": [Function],
  "getAllByPlaceholderText": [Function],
  "getAllByRole": [Function],
  "getAllByTestId": [Function],
  "getAllByText": [Function],
  "getAllByTitle": [Function],
  "getByAltText": [Function],
  "getByDisplayValue": [Function],
  "getByLabelText": [Function],
  "getByPlaceholderText": [Function],
  "getByRole": [Function],
  "getByTestId": [Function],
  "getByText": [Function],
  "getByTitle": [Function],
  "queryAllByAltText": [Function],
  "queryAllByDisplayValue": [Function],
  "queryAllByLabelText": [Function],
  "queryAllByPlaceholderText": [Function],
  "queryAllByRole": [Function],
  "queryAllByTestId": [Function],
  "queryAllByText": [Function],
  "queryAllByTitle": [Function],
  "queryByAltText": [Function],
  "queryByDisplayValue": [Function],
  "queryByLabelText": [Function],
  "queryByPlaceholderText": [Function],
  "queryByRole": [Function],
  "queryByTestId": [Function],
  "queryByText": [Function],
  "queryByTitle": [Function],
  "rerender": [Function],
  "unmount": [Function],
}
`;
