// Jest Snapshot v1, https://goo.gl/fbAQLP

exports[`VideoPlaceholder should render correct VideoPlaceholder 1`] = `
{
  "asFragment": [Function],
  "baseElement": <body>
    <div>
      <div
        class="video-placeholder cursor-pointer rounded-large flex items-center justify-center overflow-hidden relative w-full lg:w-[350px] min-w-[350px] lg:h-[196px]"
      >
        <img
          alt="video placeholder"
          class="w-full lg:w-[350px] rounded-large lg:h-[196px] object-cover"
          height="480"
          src="https://i.ytimg.com/vi/r3ARBhMk_g4/sddefault.jpg"
          width="640"
        />
        <img
          alt="button play"
          class="absolute opacity-50"
          height="72"
          src="/youtube-brands.svg"
          width="72"
        />
      </div>
    </div>
  </body>,
  "container": <div>
    <div
      class="video-placeholder cursor-pointer rounded-large flex items-center justify-center overflow-hidden relative w-full lg:w-[350px] min-w-[350px] lg:h-[196px]"
    >
      <img
        alt="video placeholder"
        class="w-full lg:w-[350px] rounded-large lg:h-[196px] object-cover"
        height="480"
        src="https://i.ytimg.com/vi/r3ARBhMk_g4/sddefault.jpg"
        width="640"
      />
      <img
        alt="button play"
        class="absolute opacity-50"
        height="72"
        src="/youtube-brands.svg"
        width="72"
      />
    </div>
  </div>,
  "debug": [Function],
  "findAllByAltText": [Function],
  "findAllByDisplayValue": [Function],
  "findAllByLabelText": [Function],
  "findAllByPlaceholderText": [Function],
  "findAllByRole": [Function],
  "findAllByTestId": [Function],
  "findAllByText": [Function],
  "findAllByTitle": [Function],
  "findByAltText": [Function],
  "findByDisplayValue": [Function],
  "findByLabelText": [Function],
  "findByPlaceholderText": [Function],
  "findByRole": [Function],
  "findByTestId": [Function],
  "findByText": [Function],
  "findByTitle": [Function],
  "getAllByAltText": [Function],
  "getAllByDisplayValue": [Function],
  "getAllByLabelText": [Function],
  "getAllByPlaceholderText": [Function],
  "getAllByRole": [Function],
  "getAllByTestId": [Function],
  "getAllByText": [Function],
  "getAllByTitle": [Function],
  "getByAltText": [Function],
  "getByDisplayValue": [Function],
  "getByLabelText": [Function],
  "getByPlaceholderText": [Function],
  "getByRole": [Function],
  "getByTestId": [Function],
  "getByText": [Function],
  "getByTitle": [Function],
  "queryAllByAltText": [Function],
  "queryAllByDisplayValue": [Function],
  "queryAllByLabelText": [Function],
  "queryAllByPlaceholderText": [Function],
  "queryAllByRole": [Function],
  "queryAllByTestId": [Function],
  "queryAllByText": [Function],
  "queryAllByTitle": [Function],
  "queryByAltText": [Function],
  "queryByDisplayValue": [Function],
  "queryByLabelText": [Function],
  "queryByPlaceholderText": [Function],
  "queryByRole": [Function],
  "queryByTestId": [Function],
  "queryByText": [Function],
  "queryByTitle": [Function],
  "rerender": [Function],
  "unmount": [Function],
}
`;
